Archive member included to satisfy reference by file (symbol)

C:/ST/STM32CubeIDE_1.14.1/STM32CubeIDE/plugins/com.st.stm32cube.ide.mcu.externaltools.gnu-tools-for-stm32.11.3.rel1.win32_1.1.100.202309141235/tools/bin/../lib/gcc/arm-none-eabi/11.3.1/../../../../arm-none-eabi/lib/thumb/v7e-m+fp/hard\libc_nano.a(libc_a-exit.o)
                              C:/ST/STM32CubeIDE_1.14.1/STM32CubeIDE/plugins/com.st.stm32cube.ide.mcu.externaltools.gnu-tools-for-stm32.11.3.rel1.win32_1.1.100.202309141235/tools/bin/../lib/gcc/arm-none-eabi/11.3.1/../../../../arm-none-eabi/lib/thumb/v7e-m+fp/hard/crt0.o (exit)
C:/ST/STM32CubeIDE_1.14.1/STM32CubeIDE/plugins/com.st.stm32cube.ide.mcu.externaltools.gnu-tools-for-stm32.11.3.rel1.win32_1.1.100.202309141235/tools/bin/../lib/gcc/arm-none-eabi/11.3.1/../../../../arm-none-eabi/lib/thumb/v7e-m+fp/hard\libc_nano.a(libc_a-findfp.o)
                              C:/ST/STM32CubeIDE_1.14.1/STM32CubeIDE/plugins/com.st.stm32cube.ide.mcu.externaltools.gnu-tools-for-stm32.11.3.rel1.win32_1.1.100.202309141235/tools/bin/../lib/gcc/arm-none-eabi/11.3.1/../../../../arm-none-eabi/lib/thumb/v7e-m+fp/hard\libc_nano.a(libc_a-exit.o) (__stdio_exit_handler)
C:/ST/STM32CubeIDE_1.14.1/STM32CubeIDE/plugins/com.st.stm32cube.ide.mcu.externaltools.gnu-tools-for-stm32.11.3.rel1.win32_1.1.100.202309141235/tools/bin/../lib/gcc/arm-none-eabi/11.3.1/../../../../arm-none-eabi/lib/thumb/v7e-m+fp/hard\libc_nano.a(libc_a-fwalk.o)
                              C:/ST/STM32CubeIDE_1.14.1/STM32CubeIDE/plugins/com.st.stm32cube.ide.mcu.externaltools.gnu-tools-for-stm32.11.3.rel1.win32_1.1.100.202309141235/tools/bin/../lib/gcc/arm-none-eabi/11.3.1/../../../../arm-none-eabi/lib/thumb/v7e-m+fp/hard\libc_nano.a(libc_a-findfp.o) (_fwalk_sglue)
C:/ST/STM32CubeIDE_1.14.1/STM32CubeIDE/plugins/com.st.stm32cube.ide.mcu.externaltools.gnu-tools-for-stm32.11.3.rel1.win32_1.1.100.202309141235/tools/bin/../lib/gcc/arm-none-eabi/11.3.1/../../../../arm-none-eabi/lib/thumb/v7e-m+fp/hard\libc_nano.a(libc_a-stdio.o)
                              C:/ST/STM32CubeIDE_1.14.1/STM32CubeIDE/plugins/com.st.stm32cube.ide.mcu.externaltools.gnu-tools-for-stm32.11.3.rel1.win32_1.1.100.202309141235/tools/bin/../lib/gcc/arm-none-eabi/11.3.1/../../../../arm-none-eabi/lib/thumb/v7e-m+fp/hard\libc_nano.a(libc_a-findfp.o) (__sread)
C:/ST/STM32CubeIDE_1.14.1/STM32CubeIDE/plugins/com.st.stm32cube.ide.mcu.externaltools.gnu-tools-for-stm32.11.3.rel1.win32_1.1.100.202309141235/tools/bin/../lib/gcc/arm-none-eabi/11.3.1/../../../../arm-none-eabi/lib/thumb/v7e-m+fp/hard\libc_nano.a(libc_a-memset.o)
                              C:/ST/STM32CubeIDE_1.14.1/STM32CubeIDE/plugins/com.st.stm32cube.ide.mcu.externaltools.gnu-tools-for-stm32.11.3.rel1.win32_1.1.100.202309141235/tools/bin/../lib/gcc/arm-none-eabi/11.3.1/../../../../arm-none-eabi/lib/thumb/v7e-m+fp/hard/crt0.o (memset)
C:/ST/STM32CubeIDE_1.14.1/STM32CubeIDE/plugins/com.st.stm32cube.ide.mcu.externaltools.gnu-tools-for-stm32.11.3.rel1.win32_1.1.100.202309141235/tools/bin/../lib/gcc/arm-none-eabi/11.3.1/../../../../arm-none-eabi/lib/thumb/v7e-m+fp/hard\libc_nano.a(libc_a-closer.o)
                              C:/ST/STM32CubeIDE_1.14.1/STM32CubeIDE/plugins/com.st.stm32cube.ide.mcu.externaltools.gnu-tools-for-stm32.11.3.rel1.win32_1.1.100.202309141235/tools/bin/../lib/gcc/arm-none-eabi/11.3.1/../../../../arm-none-eabi/lib/thumb/v7e-m+fp/hard\libc_nano.a(libc_a-stdio.o) (_close_r)
C:/ST/STM32CubeIDE_1.14.1/STM32CubeIDE/plugins/com.st.stm32cube.ide.mcu.externaltools.gnu-tools-for-stm32.11.3.rel1.win32_1.1.100.202309141235/tools/bin/../lib/gcc/arm-none-eabi/11.3.1/../../../../arm-none-eabi/lib/thumb/v7e-m+fp/hard\libc_nano.a(libc_a-reent.o)
                              C:/ST/STM32CubeIDE_1.14.1/STM32CubeIDE/plugins/com.st.stm32cube.ide.mcu.externaltools.gnu-tools-for-stm32.11.3.rel1.win32_1.1.100.202309141235/tools/bin/../lib/gcc/arm-none-eabi/11.3.1/../../../../arm-none-eabi/lib/thumb/v7e-m+fp/hard\libc_nano.a(libc_a-closer.o) (errno)
C:/ST/STM32CubeIDE_1.14.1/STM32CubeIDE/plugins/com.st.stm32cube.ide.mcu.externaltools.gnu-tools-for-stm32.11.3.rel1.win32_1.1.100.202309141235/tools/bin/../lib/gcc/arm-none-eabi/11.3.1/../../../../arm-none-eabi/lib/thumb/v7e-m+fp/hard\libc_nano.a(libc_a-impure.o)
                              C:/ST/STM32CubeIDE_1.14.1/STM32CubeIDE/plugins/com.st.stm32cube.ide.mcu.externaltools.gnu-tools-for-stm32.11.3.rel1.win32_1.1.100.202309141235/tools/bin/../lib/gcc/arm-none-eabi/11.3.1/../../../../arm-none-eabi/lib/thumb/v7e-m+fp/hard\libc_nano.a(libc_a-reent.o) (_impure_ptr)
C:/ST/STM32CubeIDE_1.14.1/STM32CubeIDE/plugins/com.st.stm32cube.ide.mcu.externaltools.gnu-tools-for-stm32.11.3.rel1.win32_1.1.100.202309141235/tools/bin/../lib/gcc/arm-none-eabi/11.3.1/../../../../arm-none-eabi/lib/thumb/v7e-m+fp/hard\libc_nano.a(libc_a-lseekr.o)
[...]
Memory Configuration

Name             Origin             Length             Attributes
RAM              0x0000000020000000 0x0000000000020000 xrw
FLASH            0x0000000008000000 0x0000000000080000 xr
*default*        0x0000000000000000 0xffffffffffffffff

Linker script and memory map

LOAD C:/ST/STM32CubeIDE_1.14.1/STM32CubeIDE/plugins/com.st.stm32cube.ide.mcu.externaltools.gnu-tools-for-stm32.11.3.rel1.win32_1.1.100.202309141235/tools/bin/../lib/gcc/arm-none-eabi/11.3.1/thumb/v7e-m+fp/hard/crti.o
LOAD C:/ST/STM32CubeIDE_1.14.1/STM32CubeIDE/plugins/com.st.stm32cube.ide.mcu.externaltools.gnu-tools-for-stm32.11.3.rel1.win32_1.1.100.202309141235/tools/bin/../lib/gcc/arm-none-eabi/11.3.1/thumb/v7e-m+fp/hard/crtbegin.o
LOAD C:/ST/STM32CubeIDE_1.14.1/STM32CubeIDE/plugins/com.st.stm32cube.ide.mcu.externaltools.gnu-tools-for-stm32.11.3.rel1.win32_1.1.100.202309141235/tools/bin/../lib/gcc/arm-none-eabi/11.3.1/../../../../arm-none-eabi/lib/thumb/v7e-m+fp/hard/crt0.o
LOAD ./Core/Src/WS2812_SPI.o
LOAD ./Core/Src/fonts.o
LOAD ./Core/Src/main.o
LOAD ./Core/Src/ssd1306.o
LOAD ./Core/Src/stm32f4xx_hal_msp.o
LOAD ./Core/Src/stm32f4xx_it.o
LOAD ./Core/Src/syscalls.o
LOAD ./Core/Src/sysmem.o
LOAD ./Core/Src/system_stm32f4xx.o
LOAD ./Core/Startup/startup_stm32f446retx.o
LOAD ./Drivers/STM32F4xx_HAL_Driver/Src/stm32f4xx_hal.o
LOAD ./Drivers/STM32F4xx_HAL_Driver/Src/stm32f4xx_hal_cortex.o
LOAD ./Drivers/STM32F4xx_HAL_Driver/Src/stm32f4xx_hal_dma.o
LOAD ./Drivers/STM32F4xx_HAL_Driver/Src/stm32f4xx_hal_dma_ex.o
LOAD ./Drivers/STM32F4xx_HAL_Driver/Src/stm32f4xx_hal_exti.o
LOAD ./Drivers/STM32F4xx_HAL_Driver/Src/stm32f4xx_hal_flash.o
LOAD ./Drivers/STM32F4xx_HAL_Driver/Src/stm32f4xx_hal_flash_ex.o
LOAD ./Drivers/STM32F4xx_HAL_Driver/Src/stm32f4xx_hal_flash_ramfunc.o
LOAD ./Drivers/STM32F4xx_HAL_Driver/Src/stm32f4xx_hal_gpio.o
LOAD ./Drivers/STM32F4xx_HAL_Driver/Src/stm32f4xx_hal_i2c.o
LOAD ./Drivers/STM32F4xx_HAL_Driver/Src/stm32f4xx_hal_i2c_ex.o
LOAD ./Drivers/STM32F4xx_HAL_Driver/Src/stm32f4xx_hal_pwr.o
LOAD ./Drivers/STM32F4xx_HAL_Driver/Src/stm32f4xx_hal_pwr_ex.o
LOAD ./Drivers/STM32F4xx_HAL_Driver/Src/stm32f4xx_hal_rcc.o
LOAD ./Drivers/STM32F4xx_HAL_Driver/Src/stm32f4xx_hal_rcc_ex.o
LOAD ./Drivers/STM32F4xx_HAL_Driver/Src/stm32f4xx_hal_spi.o
LOAD ./Drivers/STM32F4xx_HAL_Driver/Src/stm32f4xx_hal_tim.o
LOAD ./Drivers/STM32F4xx_HAL_Driver/Src/stm32f4xx_hal_tim_ex.o
START GROUP
LOAD C:/ST/STM32CubeIDE_1.14.1/STM32CubeIDE/plugins/com.st.stm32cube.ide.mcu.externaltools.gnu-tools-for-stm32.11.3.rel1.win32_1.1.100.202309141235/tools/bin/../lib/gcc/arm-none-eabi/11.3.1/../../../../arm-none-eabi/lib/thumb/v7e-m+fp/hard\libc_nano.a
LOAD C:/ST/STM32CubeIDE_1.14.1/STM32CubeIDE/plugins/com.st.stm32cube.ide.mcu.externaltools.gnu-tools-for-stm32.11.3.rel1.win32_1.1.100.202309141235/tools/bin/../lib/gcc/arm-none-eabi/11.3.1/../../../../arm-none-eabi/lib/thumb/v7e-m+fp/hard\libm.a
END GROUP
START GROUP
LOAD C:/ST/STM32CubeIDE_1.14.1/STM32CubeIDE/plugins/com.st.stm32cube.ide.mcu.externaltools.gnu-tools-for-stm32.11.3.rel1.win32_1.1.100.202309141235/tools/bin/../lib/gcc/arm-none-eabi/11.3.1/thumb/v7e-m+fp/hard\libgcc.a
LOAD C:/ST/STM32CubeIDE_1.14.1/STM32CubeIDE/plugins/com.st.stm32cube.ide.mcu.externaltools.gnu-tools-for-stm32.11.3.rel1.win32_1.1.100.202309141235/tools/bin/../lib/gcc/arm-none-eabi/11.3.1/../../../../arm-none-eabi/lib/thumb/v7e-m+fp/hard\libc_nano.a
END GROUP
START GROUP
LOAD C:/ST/STM32CubeIDE_1.14.1/STM32CubeIDE/plugins/com.st.stm32cube.ide.mcu.externaltools.gnu-tools-for-stm32.11.3.rel1.win32_1.1.100.202309141235/tools/bin/../lib/gcc/arm-none-eabi/11.3.1/thumb/v7e-m+fp/hard\libgcc.a
LOAD C:/ST/STM32CubeIDE_1.14.1/STM32CubeIDE/plugins/com.st.stm32cube.ide.mcu.externaltools.gnu-tools-for-stm32.11.3.rel1.win32_1.1.100.202309141235/tools/bin/../lib/gcc/arm-none-eabi/11.3.1/../../../../arm-none-eabi/lib/thumb/v7e-m+fp/hard\libc_nano.a
LOAD C:/ST/STM32CubeIDE_1.14.1/STM32CubeIDE/plugins/com.st.stm32cube.ide.mcu.externaltools.gnu-tools-for-stm32.11.3.rel1.win32_1.1.100.202309141235/tools/bin/../lib/gcc/arm-none-eabi/11.3.1/../../../../arm-none-eabi/lib/thumb/v7e-m+fp/hard\libnosys.a
END GROUP
START GROUP
LOAD C:/ST/STM32CubeIDE_1.14.1/STM32CubeIDE/plugins/com.st.stm32cube.ide.mcu.externaltools.gnu-tools-for-stm32.11.3.rel1.win32_1.1.100.202309141235/tools/bin/../lib/gcc/arm-none-eabi/11.3.1/thumb/v7e-m+fp/hard\libgcc.a
LOAD C:/ST/STM32CubeIDE_1.14.1/STM32CubeIDE/plugins/com.st.stm32cube.ide.mcu.externaltools.gnu-tools-for-stm32.11.3.rel1.win32_1.1.100.202309141235/tools/bin/../lib/gcc/arm-none-eabi/11.3.1/../../../../arm-none-eabi/lib/thumb/v7e-m+fp/hard\libc_nano.a
LOAD C:/ST/STM32CubeIDE_1.14.1/STM32CubeIDE/plugins/com.st.stm32cube.ide.mcu.externaltools.gnu-tools-for-stm32.11.3.rel1.win32_1.1.100.202309141235/tools/bin/../lib/gcc/arm-none-eabi/11.3.1/../../../../arm-none-eabi/lib/thumb/v7e-m+fp/hard\libnosys.a
END GROUP
LOAD C:/ST/STM32CubeIDE_1.14.1/STM32CubeIDE/plugins/com.st.stm32cube.ide.mcu.externaltools.gnu-tools-for-stm32.11.3.rel1.win32_1.1.100.202309141235/tools/bin/../lib/gcc/arm-none-eabi/11.3.1/thumb/v7e-m+fp/hard/crtend.o
LOAD C:/ST/STM32CubeIDE_1.14.1/STM32CubeIDE/plugins/com.st.stm32cube.ide.mcu.externaltools.gnu-tools-for-stm32.11.3.rel1.win32_1.1.100.202309141235/tools/bin/../lib/gcc/arm-none-eabi/11.3.1/thumb/v7e-m+fp/hard/crtn.o
                0x0000000020020000                _estack = (ORIGIN (RAM) + LENGTH (RAM))
                0x0000000000000200                _Min_Heap_Size = 0x200
                0x0000000000000400                _Min_Stack_Size = 0x400

.isr_vector     0x0000000008000000      0x1c4
                0x0000000008000000                . = ALIGN (0x4)
 *(.isr_vector)
 .isr_vector    0x0000000008000000      0x1c4 ./Core/Startup/startup_stm32f446retx.o
                0x0000000008000000                g_pfnVectors
                0x00000000080001c4                . = ALIGN (0x4)

.text           0x00000000080001c8     0x4424
                0x00000000080001c8                . = ALIGN (0x4)
 *(.text)
 .text          0x00000000080001c8       0x40 C:/ST/STM32CubeIDE_1.14.1/STM32CubeIDE/plugins/com.st.stm32cube.ide.mcu.externaltools.gnu-tools-for-stm32.11.3.rel1.win32_1.1.100.202309141235/tools/bin/../lib/gcc/arm-none-eabi/11.3.1/thumb/v7e-m+fp/hard/crtbegin.o
 .text          0x0000000008000208      0x378 C:/ST/STM32CubeIDE_1.14.1/STM32CubeIDE/plugins/com.st.stm32cube.ide.mcu.externaltools.gnu-tools-for-stm32.11.3.rel1.win32_1.1.100.202309141235/tools/bin/../lib/gcc/arm-none-eabi/11.3.1/thumb/v7e-m+fp/hard\libgcc.a(_arm_addsubdf3.o)
                0x0000000008000208                __aeabi_drsub
                0x0000000008000210                __aeabi_dsub
                0x0000000008000210                __subdf3
                0x0000000008000214                __aeabi_dadd
                0x0000000008000214                __adddf3
                0x000000000800048c                __floatunsidf
                0x000000000800048c                __aeabi_ui2d
                0x00000000080004ac                __floatsidf
                0x00000000080004ac                __aeabi_i2d
                0x00000000080004d0                __aeabi_f2d
                0x00000000080004d0                __extendsfdf2
                0x0000000008000514                __floatundidf
                0x0000000008000514                __aeabi_ul2d
                0x0000000008000524                __floatdidf
                0x0000000008000524                __aeabi_l2d
 .text          0x0000000008000580      0x424 C:/ST/STM32CubeIDE_1.14.1/STM32CubeIDE/plugins/com.st.stm32cube.ide.mcu.externaltools.gnu-tools-for-stm32.11.3.rel1.win32_1.1.100.202309141235/tools/bin/../lib/gcc/arm-none-eabi/11.3.1/thumb/v7e-m+fp/hard\libgcc.a(_arm_muldivdf3.o)
                0x0000000008000580                __aeabi_dmul
                0x0000000008000580                __muldf3
                0x00000000080007d4                __divdf3
                0x00000000080007d4                __aeabi_ddiv
 .text          0x00000000080009a4       0x50 C:/ST/STM32CubeIDE_1.14.1/STM32CubeIDE/plugins/com.st.stm32cube.ide.mcu.externaltools.gnu-tools-for-stm32.11.3.rel1.win32_1.1.100.202309141235/tools/bin/../lib/gcc/arm-none-eabi/11.3.1/thumb/v7e-m+fp/hard\libgcc.a(_arm_fixdfsi.o)
                0x00000000080009a4                __aeabi_d2iz
                0x00000000080009a4                __fixdfsi
 .text          0x00000000080009f4       0xa0 C:/ST/STM32CubeIDE_1.14.1/STM32CubeIDE/plugins/com.st.stm32cube.ide.mcu.externaltools.gnu-tools-for-stm32.11.3.rel1.win32_1.1.100.202309141235/tools/bin/../lib/gcc/arm-none-eabi/11.3.1/thumb/v7e-m+fp/hard\libgcc.a(_arm_truncdfsf2.o)
                0x00000000080009f4                __truncdfsf2
                0x00000000080009f4                __aeabi_d2f
 .text          0x0000000008000a94       0x30 C:/ST/STM32CubeIDE_1.14.1/STM32CubeIDE/plugins/com.st.stm32cube.ide.mcu.externaltools.gnu-tools-for-stm32.11.3.rel1.win32_1.1.100.202309141235/tools/bin/../lib/gcc/arm-none-eabi/11.3.1/thumb/v7e-m+fp/hard\libgcc.a(_aeabi_uldivmod.o)
                0x0000000008000a94                __aeabi_uldivmod
 .text          0x0000000008000ac4      0x2c8 C:/ST/STM32CubeIDE_1.14.1/STM32CubeIDE/plugins/com.st.stm32cube.ide.mcu.externaltools.gnu-tools-for-stm32.11.3.rel1.win32_1.1.100.202309141235/tools/bin/../lib/gcc/arm-none-eabi/11.3.1/thumb/v7e-m+fp/hard\libgcc.a(_udivmoddi4.o)
                0x0000000008000ac4                __udivmoddi4
 .text          0x0000000008000d8c        0x4 C:/ST/STM32CubeIDE_1.14.1/STM32CubeIDE/plugins/com.st.stm32cube.ide.mcu.externaltools.gnu-tools-for-stm32.11.3.rel1.win32_1.1.100.202309141235/tools/bin/../lib/gcc/arm-none-eabi/11.3.1/thumb/v7e-m+fp/hard\libgcc.a(_dvmd_tls.o)
                0x0000000008000d8c                __aeabi_idiv0
                0x0000000008000d8c                __aeabi_ldiv0
 *(.text*)
 .text.setLED   0x0000000008000d90       0x5c ./Core/Src/WS2812_SPI.o
                0x0000000008000d90                setLED
 .text.ws2812_spi
                0x0000000008000dec       0x80 ./Core/Src/WS2812_SPI.o
                0x0000000008000dec                ws2812_spi
 .text.WS2812_Send
                0x0000000008000e6c       0x54 ./Core/Src/WS2812_SPI.o
                0x0000000008000e6c                WS2812_Send
 .text.rainbow  0x0000000008000ec0      0x470 ./Core/Src/WS2812_SPI.o
                0x0000000008000ec0                rainbow
 .text.fade     0x0000000008001330       0x8e ./Core/Src/WS2812_SPI.o
                0x0000000008001330                fade
 .text.spectrum
                0x00000000080013be      0x112 ./Core/Src/WS2812_SPI.o
                0x00000000080013be                spectrum
 .text.rain     0x00000000080014d0      0x112 ./Core/Src/WS2812_SPI.o
                0x00000000080014d0                rain
 .text.off      0x00000000080015e2       0x32 ./Core/Src/WS2812_SPI.o
                0x00000000080015e2                off
 .text.led      0x0000000008001614       0x50 ./Core/Src/main.o
                0x0000000008001614                led
 .text.HAL_GPIO_EXTI_Callback
                0x0000000008001664       0x3c ./Core/Src/main.o
                0x0000000008001664                HAL_GPIO_EXTI_Callback
 .text.main     0x00000000080016a0      0x130 ./Core/Src/main.o
                0x00000000080016a0                main
 .text.SystemClock_Config
                0x00000000080017d0       0xd8 ./Core/Src/main.o
                0x00000000080017d0                SystemClock_Config
 .text.MX_I2C1_Init
                0x00000000080018a8       0x5c ./Core/Src/main.o
 .text.MX_SPI3_Init
                0x0000000008001904       0x70 ./Core/Src/main.o
 .text.MX_GPIO_Init
                0x0000000008001974       0xa8 ./Core/Src/main.o
 .text.Error_Handler
                0x0000000008001a1c        0xa ./Core/Src/main.o
                0x0000000008001a1c                Error_Handler
 *fill*         0x0000000008001a26        0x2 
 .text.SSD1306_Init
                0x0000000008001a28      0x188 ./Core/Src/ssd1306.o
                0x0000000008001a28                SSD1306_Init
 .text.SSD1306_UpdateScreen
                0x0000000008001bb0       0x5c ./Core/Src/ssd1306.o
                0x0000000008001bb0                SSD1306_UpdateScreen
 .text.SSD1306_Fill
                0x0000000008001c0c       0x30 ./Core/Src/ssd1306.o
                0x0000000008001c0c                SSD1306_Fill
 .text.SSD1306_DrawPixel
                0x0000000008001c3c       0xc0 ./Core/Src/ssd1306.o
                0x0000000008001c3c                SSD1306_DrawPixel
 .text.SSD1306_GotoXY
                0x0000000008001cfc       0x2c ./Core/Src/ssd1306.o
                0x0000000008001cfc                SSD1306_GotoXY
 .text.SSD1306_Putc
                0x0000000008001d28      0x100 ./Core/Src/ssd1306.o
                0x0000000008001d28                SSD1306_Putc
 .text.SSD1306_Puts
                0x0000000008001e28       0x4a ./Core/Src/ssd1306.o
                0x0000000008001e28                SSD1306_Puts
 .text.SSD1306_Clear
                0x0000000008001e72       0x12 ./Core/Src/ssd1306.o
                0x0000000008001e72                SSD1306_Clear
 .text.ssd1306_I2C_Init
                0x0000000008001e84       0x2c ./Core/Src/ssd1306.o
                0x0000000008001e84                ssd1306_I2C_Init
 .text.ssd1306_I2C_WriteMulti
                0x0000000008001eb0       0xcc ./Core/Src/ssd1306.o
                0x0000000008001eb0                ssd1306_I2C_WriteMulti
 .text.ssd1306_I2C_Write
                0x0000000008001f7c       0x3c ./Core/Src/ssd1306.o
                0x0000000008001f7c                ssd1306_I2C_Write
 .text.HAL_MspInit
                0x0000000008001fb8       0x50 ./Core/Src/stm32f4xx_hal_msp.o
                0x0000000008001fb8                HAL_MspInit
 .text.HAL_I2C_MspInit
                0x0000000008002008       0x90 ./Core/Src/stm32f4xx_hal_msp.o
                0x0000000008002008                HAL_I2C_MspInit
 .text.HAL_SPI_MspInit
                0x0000000008002098       0xd0 ./Core/Src/stm32f4xx_hal_msp.o
                0x0000000008002098                HAL_SPI_MspInit
 .text.NMI_Handler
                0x0000000008002168        0x6 ./Core/Src/stm32f4xx_it.o
                0x0000000008002168                NMI_Handler
 .text.HardFault_Handler
                0x000000000800216e        0x6 ./Core/Src/stm32f4xx_it.o
                0x000000000800216e                HardFault_Handler
 .text.MemManage_Handler
                0x0000000008002174        0x6 ./Core/Src/stm32f4xx_it.o
                0x0000000008002174                MemManage_Handler
 .text.BusFault_Handler
                0x000000000800217a        0x6 ./Core/Src/stm32f4xx_it.o
                0x000000000800217a                BusFault_Handler
 .text.UsageFault_Handler
                0x0000000008002180        0x6 ./Core/Src/stm32f4xx_it.o
                0x0000000008002180                UsageFault_Handler
 .text.SVC_Handler
                0x0000000008002186        0xe ./Core/Src/stm32f4xx_it.o
                0x0000000008002186                SVC_Handler
 .text.DebugMon_Handler
                0x0000000008002194        0xe ./Core/Src/stm32f4xx_it.o
                0x0000000008002194                DebugMon_Handler
 .text.PendSV_Handler
                0x00000000080021a2        0xe ./Core/Src/stm32f4xx_it.o
                0x00000000080021a2                PendSV_Handler
 .text.SysTick_Handler
                0x00000000080021b0        0xc ./Core/Src/stm32f4xx_it.o
                0x00000000080021b0                SysTick_Handler
 .text.EXTI9_5_IRQHandler
                0x00000000080021bc       0x10 ./Core/Src/stm32f4xx_it.o
                0x00000000080021bc                EXTI9_5_IRQHandler
 .text.SystemInit
                0x00000000080021cc       0x24 ./Core/Src/system_stm32f4xx.o
                0x00000000080021cc                SystemInit
 .text.Reset_Handler
                0x00000000080021f0       0x50 ./Core/Startup/startup_stm32f446retx.o
                0x00000000080021f0                Reset_Handler
 .text.Default_Handler
                0x0000000008002240        0x2 ./Core/Startup/startup_stm32f446retx.o
                0x0000000008002240                RTC_Alarm_IRQHandler
                0x0000000008002240                EXTI2_IRQHandler
                0x0000000008002240                TIM8_CC_IRQHandler
                0x0000000008002240                FMPI2C1_EV_IRQHandler
                0x0000000008002240                SPI4_IRQHandler
                0x0000000008002240                TIM1_CC_IRQHandler
                0x0000000008002240                DMA2_Stream5_IRQHandler
                0x0000000008002240                DMA1_Stream5_IRQHandler
                0x0000000008002240                PVD_IRQHandler
                0x0000000008002240                SDIO_IRQHandler
                0x0000000008002240                TAMP_STAMP_IRQHandler
                0x0000000008002240                CAN2_RX1_IRQHandler
                0x0000000008002240                EXTI3_IRQHandler
                0x0000000008002240                TIM8_TRG_COM_TIM14_IRQHandler
                0x0000000008002240                TIM1_UP_TIM10_IRQHandler
                0x0000000008002240                TIM8_UP_TIM13_IRQHandler
                0x0000000008002240                I2C3_ER_IRQHandler
                0x0000000008002240                EXTI0_IRQHandler
                0x0000000008002240                I2C2_EV_IRQHandler
                0x0000000008002240                DMA1_Stream2_IRQHandler
                0x0000000008002240                CAN1_RX0_IRQHandler
                0x0000000008002240                FPU_IRQHandler
                0x0000000008002240                OTG_HS_WKUP_IRQHandler
                0x0000000008002240                CAN2_SCE_IRQHandler
                0x0000000008002240                DMA2_Stream2_IRQHandler
                0x0000000008002240                SPI1_IRQHandler
                0x0000000008002240                TIM6_DAC_IRQHandler
                0x0000000008002240                TIM1_BRK_TIM9_IRQHandler
                0x0000000008002240                DCMI_IRQHandler
                0x0000000008002240                CAN2_RX0_IRQHandler
                0x0000000008002240                DMA2_Stream3_IRQHandler
                0x0000000008002240                SAI2_IRQHandler
                0x0000000008002240                USART6_IRQHandler
                0x0000000008002240                USART3_IRQHandler
                0x0000000008002240                CAN1_RX1_IRQHandler
                0x0000000008002240                UART5_IRQHandler
                0x0000000008002240                DMA2_Stream0_IRQHandler
                0x0000000008002240                TIM4_IRQHandler
                0x0000000008002240                QUADSPI_IRQHandler
                0x0000000008002240                I2C1_EV_IRQHandler
                0x0000000008002240                DMA1_Stream6_IRQHandler
                0x0000000008002240                DMA1_Stream1_IRQHandler
                0x0000000008002240                UART4_IRQHandler
                0x0000000008002240                TIM3_IRQHandler
                0x0000000008002240                RCC_IRQHandler
                0x0000000008002240                TIM8_BRK_TIM12_IRQHandler
                0x0000000008002240                Default_Handler
                0x0000000008002240                CEC_IRQHandler
                0x0000000008002240                EXTI15_10_IRQHandler
                0x0000000008002240                ADC_IRQHandler
                0x0000000008002240                DMA1_Stream7_IRQHandler
                0x0000000008002240                TIM7_IRQHandler
                0x0000000008002240                CAN2_TX_IRQHandler
                0x0000000008002240                TIM5_IRQHandler
                0x0000000008002240                DMA2_Stream7_IRQHandler
                0x0000000008002240                I2C3_EV_IRQHandler
                0x0000000008002240                RTC_WKUP_IRQHandler
                0x0000000008002240                SPDIF_RX_IRQHandler
                0x0000000008002240                SPI2_IRQHandler
                0x0000000008002240                OTG_HS_EP1_IN_IRQHandler
                0x0000000008002240                DMA1_Stream0_IRQHandler
                0x0000000008002240                CAN1_TX_IRQHandler
                0x0000000008002240                FMPI2C1_ER_IRQHandler
                0x0000000008002240                EXTI4_IRQHandler
                0x0000000008002240                OTG_HS_EP1_OUT_IRQHandler
                0x0000000008002240                WWDG_IRQHandler
                0x0000000008002240                TIM2_IRQHandler
                0x0000000008002240                OTG_FS_WKUP_IRQHandler
                0x0000000008002240                TIM1_TRG_COM_TIM11_IRQHandler
                0x0000000008002240                OTG_HS_IRQHandler
                0x0000000008002240                EXTI1_IRQHandler
                0x0000000008002240                USART2_IRQHandler
                0x0000000008002240                I2C2_ER_IRQHandler
                0x0000000008002240                DMA2_Stream1_IRQHandler
                0x0000000008002240                CAN1_SCE_IRQHandler
                0x0000000008002240                FLASH_IRQHandler
                0x0000000008002240                DMA2_Stream4_IRQHandler
                0x0000000008002240                USART1_IRQHandler
                0x0000000008002240                OTG_FS_IRQHandler
                0x0000000008002240                SPI3_IRQHandler
                0x0000000008002240                DMA1_Stream4_IRQHandler
                0x0000000008002240                I2C1_ER_IRQHandler
                0x0000000008002240                FMC_IRQHandler
                0x0000000008002240                DMA2_Stream6_IRQHandler
                0x0000000008002240                SAI1_IRQHandler
                0x0000000008002240                DMA1_Stream3_IRQHandler
 *fill*         0x0000000008002242        0x2 
 .text.HAL_Init
                0x0000000008002244       0x44 ./Drivers/STM32F4xx_HAL_Driver/Src/stm32f4xx_hal.o
                0x0000000008002244                HAL_Init
 .text.HAL_InitTick
                0x0000000008002288       0x60 ./Drivers/STM32F4xx_HAL_Driver/Src/stm32f4xx_hal.o
                0x0000000008002288                HAL_InitTick
 .text.HAL_IncTick
                0x00000000080022e8       0x28 ./Drivers/STM32F4xx_HAL_Driver/Src/stm32f4xx_hal.o
                0x00000000080022e8                HAL_IncTick
 .text.HAL_GetTick
                0x0000000008002310       0x18 ./Drivers/STM32F4xx_HAL_Driver/Src/stm32f4xx_hal.o
                0x0000000008002310                HAL_GetTick
 .text.HAL_Delay
                0x0000000008002328       0x48 ./Drivers/STM32F4xx_HAL_Driver/Src/stm32f4xx_hal.o
                0x0000000008002328                HAL_Delay
 .text.__NVIC_SetPriorityGrouping
                0x0000000008002370       0x48 ./Drivers/STM32F4xx_HAL_Driver/Src/stm32f4xx_hal_cortex.o
 .text.__NVIC_GetPriorityGrouping
                0x00000000080023b8       0x1c ./Drivers/STM32F4xx_HAL_Driver/Src/stm32f4xx_hal_cortex.o
 .text.__NVIC_EnableIRQ
                0x00000000080023d4       0x3c ./Drivers/STM32F4xx_HAL_Driver/Src/stm32f4xx_hal_cortex.o
 .text.__NVIC_SetPriority
                0x0000000008002410       0x54 ./Drivers/STM32F4xx_HAL_Driver/Src/stm32f4xx_hal_cortex.o
 .text.NVIC_EncodePriority
                0x0000000008002464       0x66 ./Drivers/STM32F4xx_HAL_Driver/Src/stm32f4xx_hal_cortex.o
 *fill*         0x00000000080024ca        0x2 
 .text.SysTick_Config
                0x00000000080024cc       0x44 ./Drivers/STM32F4xx_HAL_Driver/Src/stm32f4xx_hal_cortex.o
 .text.HAL_NVIC_SetPriorityGrouping
                0x0000000008002510       0x16 ./Drivers/STM32F4xx_HAL_Driver/Src/stm32f4xx_hal_cortex.o
                0x0000000008002510                HAL_NVIC_SetPriorityGrouping
 .text.HAL_NVIC_SetPriority
                0x0000000008002526       0x38 ./Drivers/STM32F4xx_HAL_Driver/Src/stm32f4xx_hal_cortex.o
                0x0000000008002526                HAL_NVIC_SetPriority
 .text.HAL_NVIC_EnableIRQ
                0x000000000800255e       0x1c ./Drivers/STM32F4xx_HAL_Driver/Src/stm32f4xx_hal_cortex.o
                0x000000000800255e                HAL_NVIC_EnableIRQ
 .text.HAL_SYSTICK_Config
                0x000000000800257a       0x18 ./Drivers/STM32F4xx_HAL_Driver/Src/stm32f4xx_hal_cortex.o
                0x000000000800257a                HAL_SYSTICK_Config
 *fill*         0x0000000008002592        0x2 
 .text.HAL_GPIO_Init
                0x0000000008002594      0x328 ./Drivers/STM32F4xx_HAL_Driver/Src/stm32f4xx_hal_gpio.o
                0x0000000008002594                HAL_GPIO_Init
 .text.HAL_GPIO_EXTI_IRQHandler
                0x00000000080028bc       0x30 ./Drivers/STM32F4xx_HAL_Driver/Src/stm32f4xx_hal_gpio.o
                0x00000000080028bc                HAL_GPIO_EXTI_IRQHandler
 .text.HAL_I2C_Init
                0x00000000080028ec      0x288 ./Drivers/STM32F4xx_HAL_Driver/Src/stm32f4xx_hal_i2c.o
                0x00000000080028ec                HAL_I2C_Init
 .text.HAL_I2C_Master_Transmit
                0x0000000008002b74      0x1fc ./Drivers/STM32F4xx_HAL_Driver/Src/stm32f4xx_hal_i2c.o
                0x0000000008002b74                HAL_I2C_Master_Transmit
 .text.HAL_I2C_IsDeviceReady
                0x0000000008002d70      0x25c ./Drivers/STM32F4xx_HAL_Driver/Src/stm32f4xx_hal_i2c.o
                0x0000000008002d70                HAL_I2C_IsDeviceReady
 .text.I2C_MasterRequestWrite
                0x0000000008002fcc      0x104 ./Drivers/STM32F4xx_HAL_Driver/Src/stm32f4xx_hal_i2c.o
 .text.I2C_WaitOnFlagUntilTimeout
                0x00000000080030d0       0xf4 ./Drivers/STM32F4xx_HAL_Driver/Src/stm32f4xx_hal_i2c.o
 .text.I2C_WaitOnMasterAddressFlagUntilTimeout
                0x00000000080031c4      0x140 ./Drivers/STM32F4xx_HAL_Driver/Src/stm32f4xx_hal_i2c.o
 .text.I2C_WaitOnTXEFlagUntilTimeout
                0x0000000008003304       0x90 ./Drivers/STM32F4xx_HAL_Driver/Src/stm32f4xx_hal_i2c.o
 .text.I2C_WaitOnBTFFlagUntilTimeout
                0x0000000008003394       0x90 ./Drivers/STM32F4xx_HAL_Driver/Src/stm32f4xx_hal_i2c.o
 .text.I2C_IsAcknowledgeFailed
                0x0000000008003424       0x5e ./Drivers/STM32F4xx_HAL_Driver/Src/stm32f4xx_hal_i2c.o
 *fill*         0x0000000008003482        0x2 
 .text.HAL_RCC_ClockConfig
                0x0000000008003484      0x1cc ./Drivers/STM32F4xx_HAL_Driver/Src/stm32f4xx_hal_rcc.o
                0x0000000008003484                HAL_RCC_ClockConfig
 .text.HAL_RCC_GetHCLKFreq
                0x0000000008003650       0x18 ./Drivers/STM32F4xx_HAL_Driver/Src/stm32f4xx_hal_rcc.o
                0x0000000008003650                HAL_RCC_GetHCLKFreq
 .text.HAL_RCC_GetPCLK1Freq
                0x0000000008003668       0x28 ./Drivers/STM32F4xx_HAL_Driver/Src/stm32f4xx_hal_rcc.o
                0x0000000008003668                HAL_RCC_GetPCLK1Freq
 .text.HAL_RCC_GetSysClockFreq
                0x0000000008003690      0x460 ./Drivers/STM32F4xx_HAL_Driver/Src/stm32f4xx_hal_rcc_ex.o
                0x0000000008003690                HAL_RCC_GetSysClockFreq
 .text.HAL_RCC_OscConfig
                0x0000000008003af0      0x53c ./Drivers/STM32F4xx_HAL_Driver/Src/stm32f4xx_hal_rcc_ex.o
                0x0000000008003af0                HAL_RCC_OscConfig
 .text.HAL_SPI_Init
                0x000000000800402c      0x112 ./Drivers/STM32F4xx_HAL_Driver/Src/stm32f4xx_hal_spi.o
                0x000000000800402c                HAL_SPI_Init
 .text.HAL_SPI_Transmit
                0x000000000800413e      0x286 ./Drivers/STM32F4xx_HAL_Driver/Src/stm32f4xx_hal_spi.o
                0x000000000800413e                HAL_SPI_Transmit
 .text.SPI_WaitFlagStateUntilTimeout
                0x00000000080043c4      0x110 ./Drivers/STM32F4xx_HAL_Driver/Src/stm32f4xx_hal_spi.o
 .text.SPI_EndRxTxTransaction
                0x00000000080044d4       0xa8 ./Drivers/STM32F4xx_HAL_Driver/Src/stm32f4xx_hal_spi.o
 .text.memset   0x000000000800457c       0x10 C:/ST/STM32CubeIDE_1.14.1/STM32CubeIDE/plugins/com.st.stm32cube.ide.mcu.externaltools.gnu-tools-for-stm32.11.3.rel1.win32_1.1.100.202309141235/tools/bin/../lib/gcc/arm-none-eabi/11.3.1/../../../../arm-none-eabi/lib/thumb/v7e-m+fp/hard\libc_nano.a(libc_a-memset.o)
                0x000000000800457c                memset
 .text.__libc_init_array
                0x000000000800458c       0x48 C:/ST/STM32CubeIDE_1.14.1/STM32CubeIDE/plugins/com.st.stm32cube.ide.mcu.externaltools.gnu-tools-for-stm32.11.3.rel1.win32_1.1.100.202309141235/tools/bin/../lib/gcc/arm-none-eabi/11.3.1/../../../../arm-none-eabi/lib/thumb/v7e-m+fp/hard\libc_nano.a(libc_a-init.o)
                0x000000000800458c                __libc_init_array
 *(.glue_7)
 .glue_7        0x00000000080045d4        0x0 linker stubs
 *(.glue_7t)
 .glue_7t       0x00000000080045d4        0x0 linker stubs
 *(.eh_frame)
 .eh_frame      0x00000000080045d4        0x0 C:/ST/STM32CubeIDE_1.14.1/STM32CubeIDE/plugins/com.st.stm32cube.ide.mcu.externaltools.gnu-tools-for-stm32.11.3.rel1.win32_1.1.100.202309141235/tools/bin/../lib/gcc/arm-none-eabi/11.3.1/thumb/v7e-m+fp/hard/crtbegin.o
 *(.init)
 .init          0x00000000080045d4        0x4 C:/ST/STM32CubeIDE_1.14.1/STM32CubeIDE/plugins/com.st.stm32cube.ide.mcu.externaltools.gnu-tools-for-stm32.11.3.rel1.win32_1.1.100.202309141235/tools/bin/../lib/gcc/arm-none-eabi/11.3.1/thumb/v7e-m+fp/hard/crti.o
                0x00000000080045d4                _init
 .init          0x00000000080045d8        0x8 C:/ST/STM32CubeIDE_1.14.1/STM32CubeIDE/plugins/com.st.stm32cube.ide.mcu.externaltools.gnu-tools-for-stm32.11.3.rel1.win32_1.1.100.202309141235/tools/bin/../lib/gcc/arm-none-eabi/11.3.1/thumb/v7e-m+fp/hard/crtn.o
 *(.fini)
 .fini          0x00000000080045e0        0x4 C:/ST/STM32CubeIDE_1.14.1/STM32CubeIDE/plugins/com.st.stm32cube.ide.mcu.externaltools.gnu-tools-for-stm32.11.3.rel1.win32_1.1.100.202309141235/tools/bin/../lib/gcc/arm-none-eabi/11.3.1/thumb/v7e-m+fp/hard/crti.o
                0x00000000080045e0                _fini
 .fini          0x00000000080045e4        0x8 C:/ST/STM32CubeIDE_1.14.1/STM32CubeIDE/plugins/com.st.stm32cube.ide.mcu.externaltools.gnu-tools-for-stm32.11.3.rel1.win32_1.1.100.202309141235/tools/bin/../lib/gcc/arm-none-eabi/11.3.1/thumb/v7e-m+fp/hard/crtn.o
                0x00000000080045ec                . = ALIGN (0x4)
                0x00000000080045ec                _etext = .

.vfp11_veneer   0x00000000080045ec        0x0
 .vfp11_veneer  0x00000000080045ec        0x0 linker stubs

.v4_bx          0x00000000080045ec        0x0
 .v4_bx         0x00000000080045ec        0x0 linker stubs

.iplt           0x00000000080045ec        0x0
 .iplt          0x00000000080045ec        0x0 C:/ST/STM32CubeIDE_1.14.1/STM32CubeIDE/plugins/com.st.stm32cube.ide.mcu.externaltools.gnu-tools-for-stm32.11.3.rel1.win32_1.1.100.202309141235/tools/bin/../lib/gcc/arm-none-eabi/11.3.1/thumb/v7e-m+fp/hard/crtbegin.o

.rodata         0x00000000080045ec      0xda4
                0x00000000080045ec                . = ALIGN (0x4)
 *(.rodata)
 .rodata        0x00000000080045ec       0x2d ./Core/Src/main.o
 *(.rodata*)
 *fill*         0x0000000008004619        0x3 
 .rodata.Font11x18
                0x000000000800461c      0xd5c ./Core/Src/fonts.o
                0x000000000800461c                Font11x18
 .rodata.AHBPrescTable
                0x0000000008005378       0x10 ./Core/Src/system_stm32f4xx.o
                0x0000000008005378                AHBPrescTable
 .rodata.APBPrescTable
                0x0000000008005388        0x8 ./Core/Src/system_stm32f4xx.o
                0x0000000008005388                APBPrescTable
                0x0000000008005390                . = ALIGN (0x4)

.ARM.extab      0x0000000008005390        0x0
                0x0000000008005390                . = ALIGN (0x4)
 *(.ARM.extab* .gnu.linkonce.armextab.*)
                0x0000000008005390                . = ALIGN (0x4)

.ARM            0x0000000008005390        0x8
                0x0000000008005390                . = ALIGN (0x4)
                0x0000000008005390                __exidx_start = .
 *(.ARM.exidx*)
 .ARM.exidx     0x0000000008005390        0x8 C:/ST/STM32CubeIDE_1.14.1/STM32CubeIDE/plugins/com.st.stm32cube.ide.mcu.externaltools.gnu-tools-for-stm32.11.3.rel1.win32_1.1.100.202309141235/tools/bin/../lib/gcc/arm-none-eabi/11.3.1/thumb/v7e-m+fp/hard\libgcc.a(_udivmoddi4.o)
                0x0000000008005398                __exidx_end = .
                0x0000000008005398                . = ALIGN (0x4)

.rel.dyn        0x0000000008005398        0x0
 .rel.iplt      0x0000000008005398        0x0 C:/ST/STM32CubeIDE_1.14.1/STM32CubeIDE/plugins/com.st.stm32cube.ide.mcu.externaltools.gnu-tools-for-stm32.11.3.rel1.win32_1.1.100.202309141235/tools/bin/../lib/gcc/arm-none-eabi/11.3.1/thumb/v7e-m+fp/hard/crtbegin.o

.preinit_array  0x0000000008005398        0x0
                0x0000000008005398                . = ALIGN (0x4)
                0x0000000008005398                PROVIDE (__preinit_array_start = .)
 *(.preinit_array*)
                0x0000000008005398                PROVIDE (__preinit_array_end = .)
                0x0000000008005398                . = ALIGN (0x4)

.init_array     0x0000000008005398        0x4
                0x0000000008005398                . = ALIGN (0x4)
                0x0000000008005398                PROVIDE (__init_array_start = .)
 *(SORT_BY_NAME(.init_array.*))
 *(.init_array*)
 .init_array    0x0000000008005398        0x4 C:/ST/STM32CubeIDE_1.14.1/STM32CubeIDE/plugins/com.st.stm32cube.ide.mcu.externaltools.gnu-tools-for-stm32.11.3.rel1.win32_1.1.100.202309141235/tools/bin/../lib/gcc/arm-none-eabi/11.3.1/thumb/v7e-m+fp/hard/crtbegin.o
                0x000000000800539c                PROVIDE (__init_array_end = .)
                0x000000000800539c                . = ALIGN (0x4)

.fini_array     0x000000000800539c        0x4
                0x000000000800539c                . = ALIGN (0x4)
                [!provide]                        PROVIDE (__fini_array_start = .)
 *(SORT_BY_NAME(.fini_array.*))
 *(.fini_array*)
 .fini_array    0x000000000800539c        0x4 C:/ST/STM32CubeIDE_1.14.1/STM32CubeIDE/plugins/com.st.stm32cube.ide.mcu.externaltools.gnu-tools-for-stm32.11.3.rel1.win32_1.1.100.202309141235/tools/bin/../lib/gcc/arm-none-eabi/11.3.1/thumb/v7e-m+fp/hard/crtbegin.o
                [!provide]                        PROVIDE (__fini_array_end = .)
                0x00000000080053a0                . = ALIGN (0x4)
                0x00000000080053a0                _sidata = LOADADDR (.data)

.data           0x0000000020000000       0x14 load address 0x00000000080053a0
                0x0000000020000000                . = ALIGN (0x4)
                0x0000000020000000                _sdata = .
 *(.data)
 *(.data*)
 .data.Font_11x18
                0x0000000020000000        0x8 ./Core/Src/fonts.o
                0x0000000020000000                Font_11x18
 .data.SystemCoreClock
                0x0000000020000008        0x4 ./Core/Src/system_stm32f4xx.o
                0x0000000020000008                SystemCoreClock
 .data.uwTickPrio
                0x000000002000000c        0x4 ./Drivers/STM32F4xx_HAL_Driver/Src/stm32f4xx_hal.o
                0x000000002000000c                uwTickPrio
 .data.uwTickFreq
                0x0000000020000010        0x1 ./Drivers/STM32F4xx_HAL_Driver/Src/stm32f4xx_hal.o
                0x0000000020000010                uwTickFreq
 *(.RamFunc)
 *(.RamFunc*)
                0x0000000020000014                . = ALIGN (0x4)
 *fill*         0x0000000020000011        0x3 
                0x0000000020000014                _edata = .

.igot.plt       0x0000000020000014        0x0 load address 0x00000000080053b4
 .igot.plt      0x0000000020000014        0x0 C:/ST/STM32CubeIDE_1.14.1/STM32CubeIDE/plugins/com.st.stm32cube.ide.mcu.externaltools.gnu-tools-for-stm32.11.3.rel1.win32_1.1.100.202309141235/tools/bin/../lib/gcc/arm-none-eabi/11.3.1/thumb/v7e-m+fp/hard/crtbegin.o
                0x0000000020000014                . = ALIGN (0x4)

.bss            0x0000000020000014      0x504 load address 0x00000000080053b4
                0x0000000020000014                _sbss = .
                0x0000000020000014                __bss_start__ = _sbss
 *(.bss)
 .bss           0x0000000020000014       0x1c C:/ST/STM32CubeIDE_1.14.1/STM32CubeIDE/plugins/com.st.stm32cube.ide.mcu.externaltools.gnu-tools-for-stm32.11.3.rel1.win32_1.1.100.202309141235/tools/bin/../lib/gcc/arm-none-eabi/11.3.1/thumb/v7e-m+fp/hard/crtbegin.o
 *(.bss*)
 .bss.LED_Data  0x0000000020000030       0x28 ./Core/Src/WS2812_SPI.o
                0x0000000020000030                LED_Data
 .bss.effStep   0x0000000020000058        0x2 ./Core/Src/WS2812_SPI.o
                0x0000000020000058                effStep
 *fill*         0x000000002000005a        0x2 
 .bss.hi2c1     0x000000002000005c       0x54 ./Core/Src/main.o
                0x000000002000005c                hi2c1
 .bss.hspi3     0x00000000200000b0       0x58 ./Core/Src/main.o
                0x00000000200000b0                hspi3
 .bss.mode      0x0000000020000108        0x1 ./Core/Src/main.o
                0x0000000020000108                mode
 *fill*         0x0000000020000109        0x3 
 .bss.SSD1306_Buffer
                0x000000002000010c      0x400 ./Core/Src/ssd1306.o
 .bss.SSD1306   0x000000002000050c        0x6 ./Core/Src/ssd1306.o
 *fill*         0x0000000020000512        0x2 
 .bss.uwTick    0x0000000020000514        0x4 ./Drivers/STM32F4xx_HAL_Driver/Src/stm32f4xx_hal.o
                0x0000000020000514                uwTick
 *(COMMON)
                0x0000000020000518                . = ALIGN (0x4)
                0x0000000020000518                _ebss = .
                0x0000000020000518                __bss_end__ = _ebss

._user_heap_stack
                0x0000000020000518      0x600 load address 0x00000000080053b4
                0x0000000020000518                . = ALIGN (0x8)
                [!provide]                        PROVIDE (end = .)
                0x0000000020000518                PROVIDE (_end = .)
                0x0000000020000718                . = (. + _Min_Heap_Size)
 *fill*         0x0000000020000518      0x200 
                0x0000000020000b18                . = (. + _Min_Stack_Size)
 *fill*         0x0000000020000718      0x400 
                0x0000000020000b18                . = ALIGN (0x8)

/DISCARD/
 libc.a(*)
 libm.a(*)
 libgcc.a(*)

.ARM.attributes
                0x0000000000000000       0x30
 *(.ARM.attributes)
 .ARM.attributes
                0x0000000000000000       0x1e C:/ST/STM32CubeIDE_1.14.1/STM32CubeIDE/plugins/com.st.stm32cube.ide.mcu.externaltools.gnu-tools-for-stm32.11.3.rel1.win32_1.1.100.202309141235/tools/bin/../lib/gcc/arm-none-eabi/11.3.1/thumb/v7e-m+fp/hard/crti.o
 .ARM.attributes
                0x000000000000001e       0x34 C:/ST/STM32CubeIDE_1.14.1/STM32CubeIDE/plugins/com.st.stm32cube.ide.mcu.externaltools.gnu-tools-for-stm32.11.3.rel1.win32_1.1.100.202309141235/tools/bin/../lib/gcc/arm-none-eabi/11.3.1/thumb/v7e-m+fp/hard/crtbegin.o
 .ARM.attributes
                0x0000000000000052       0x34 ./Core/Src/WS2812_SPI.o
 .ARM.attributes
                0x0000000000000086       0x34 ./Core/Src/fonts.o
 .ARM.attributes
                0x00000000000000ba       0x34 ./Core/Src/main.o
 .ARM.attributes
                0x00000000000000ee       0x34 ./Core/Src/ssd1306.o
 .ARM.attributes
                0x0000000000000122       0x34 ./Core/Src/stm32f4xx_hal_msp.o
 .ARM.attributes
                0x0000000000000156       0x34 ./Core/Src/stm32f4xx_it.o
 .ARM.attributes
                0x000000000000018a       0x34 ./Core/Src/system_stm32f4xx.o
 .ARM.attributes
                0x00000000000001be       0x21 ./Core/Startup/startup_stm32f446retx.o
 .ARM.attributes
                0x00000000000001df       0x34 ./Drivers/STM32F4xx_HAL_Driver/Src/stm32f4xx_hal.o
 .ARM.attributes
                0x0000000000000213       0x34 ./Drivers/STM32F4xx_HAL_Driver/Src/stm32f4xx_hal_cortex.o
 .ARM.attributes
                0x0000000000000247       0x34 ./Drivers/STM32F4xx_HAL_Driver/Src/stm32f4xx_hal_gpio.o
 .ARM.attributes
                0x000000000000027b       0x34 ./Drivers/STM32F4xx_HAL_Driver/Src/stm32f4xx_hal_i2c.o
 .ARM.attributes
                0x00000000000002af       0x34 ./Drivers/STM32F4xx_HAL_Driver/Src/stm32f4xx_hal_rcc.o
 .ARM.attributes
                0x00000000000002e3       0x34 ./Drivers/STM32F4xx_HAL_Driver/Src/stm32f4xx_hal_rcc_ex.o
 .ARM.attributes
                0x0000000000000317       0x34 ./Drivers/STM32F4xx_HAL_Driver/Src/stm32f4xx_hal_spi.o
 .ARM.attributes
                0x000000000000034b       0x34 C:/ST/STM32CubeIDE_1.14.1/STM32CubeIDE/plugins/com.st.stm32cube.ide.mcu.externaltools.gnu-tools-for-stm32.11.3.rel1.win32_1.1.100.202309141235/tools/bin/../lib/gcc/arm-none-eabi/11.3.1/../../../../arm-none-eabi/lib/thumb/v7e-m+fp/hard\libc_nano.a(libc_a-memset.o)
 .ARM.attributes
                0x000000000000037f       0x34 C:/ST/STM32CubeIDE_1.14.1/STM32CubeIDE/plugins/com.st.stm32cube.ide.mcu.externaltools.gnu-tools-for-stm32.11.3.rel1.win32_1.1.100.202309141235/tools/bin/../lib/gcc/arm-none-eabi/11.3.1/../../../../arm-none-eabi/lib/thumb/v7e-m+fp/hard\libc_nano.a(libc_a-init.o)
 .ARM.attributes
                0x00000000000003b3       0x1e C:/ST/STM32CubeIDE_1.14.1/STM32CubeIDE/plugins/com.st.stm32cube.ide.mcu.externaltools.gnu-tools-for-stm32.11.3.rel1.win32_1.1.100.202309141235/tools/bin/../lib/gcc/arm-none-eabi/11.3.1/thumb/v7e-m+fp/hard\libgcc.a(_arm_addsubdf3.o)
 .ARM.attributes
                0x00000000000003d1       0x1e C:/ST/STM32CubeIDE_1.14.1/STM32CubeIDE/plugins/com.st.stm32cube.ide.mcu.externaltools.gnu-tools-for-stm32.11.3.rel1.win32_1.1.100.202309141235/tools/bin/../lib/gcc/arm-none-eabi/11.3.1/thumb/v7e-m+fp/hard\libgcc.a(_arm_muldivdf3.o)
 .ARM.attributes
                0x00000000000003ef       0x1e C:/ST/STM32CubeIDE_1.14.1/STM32CubeIDE/plugins/com.st.stm32cube.ide.mcu.externaltools.gnu-tools-for-stm32.11.3.rel1.win32_1.1.100.202309141235/tools/bin/../lib/gcc/arm-none-eabi/11.3.1/thumb/v7e-m+fp/hard\libgcc.a(_arm_fixdfsi.o)
 .ARM.attributes
                0x000000000000040d       0x1e C:/ST/STM32CubeIDE_1.14.1/STM32CubeIDE/plugins/com.st.stm32cube.ide.mcu.externaltools.gnu-tools-for-stm32.11.3.rel1.win32_1.1.100.202309141235/tools/bin/../lib/gcc/arm-none-eabi/11.3.1/thumb/v7e-m+fp/hard\libgcc.a(_arm_truncdfsf2.o)
 .ARM.attributes
                0x000000000000042b       0x1e C:/ST/STM32CubeIDE_1.14.1/STM32CubeIDE/plugins/com.st.stm32cube.ide.mcu.externaltools.gnu-tools-for-stm32.11.3.rel1.win32_1.1.100.202309141235/tools/bin/../lib/gcc/arm-none-eabi/11.3.1/thumb/v7e-m+fp/hard\libgcc.a(_aeabi_uldivmod.o)
 .ARM.attributes
                0x0000000000000449       0x34 C:/ST/STM32CubeIDE_1.14.1/STM32CubeIDE/plugins/com.st.stm32cube.ide.mcu.externaltools.gnu-tools-for-stm32.11.3.rel1.win32_1.1.100.202309141235/tools/bin/../lib/gcc/arm-none-eabi/11.3.1/thumb/v7e-m+fp/hard\libgcc.a(_udivmoddi4.o)
 .ARM.attributes
                0x000000000000047d       0x1e C:/ST/STM32CubeIDE_1.14.1/STM32CubeIDE/plugins/com.st.stm32cube.ide.mcu.externaltools.gnu-tools-for-stm32.11.3.rel1.win32_1.1.100.202309141235/tools/bin/../lib/gcc/arm-none-eabi/11.3.1/thumb/v7e-m+fp/hard\libgcc.a(_dvmd_tls.o)
 .ARM.attributes
                0x000000000000049b       0x1e C:/ST/STM32CubeIDE_1.14.1/STM32CubeIDE/plugins/com.st.stm32cube.ide.mcu.externaltools.gnu-tools-for-stm32.11.3.rel1.win32_1.1.100.202309141235/tools/bin/../lib/gcc/arm-none-eabi/11.3.1/thumb/v7e-m+fp/hard/crtn.o
OUTPUT(spi_led.elf elf32-littlearm)
LOAD linker stubs
LOAD C:/ST/STM32CubeIDE_1.14.1/STM32CubeIDE/plugins/com.st.stm32cube.ide.mcu.externaltools.gnu-tools-for-stm32.11.3.rel1.win32_1.1.100.202309141235/tools/bin/../lib/gcc/arm-none-eabi/11.3.1/../../../../arm-none-eabi/lib/thumb/v7e-m+fp/hard\libc.a
LOAD C:/ST/STM32CubeIDE_1.14.1/STM32CubeIDE/plugins/com.st.stm32cube.ide.mcu.externaltools.gnu-tools-for-stm32.11.3.rel1.win32_1.1.100.202309141235/tools/bin/../lib/gcc/arm-none-eabi/11.3.1/../../../../arm-none-eabi/lib/thumb/v7e-m+fp/hard\libm.a
LOAD C:/ST/STM32CubeIDE_1.14.1/STM32CubeIDE/plugins/com.st.stm32cube.ide.mcu.externaltools.gnu-tools-for-stm32.11.3.rel1.win32_1.1.100.202309141235/tools/bin/../lib/gcc/arm-none-eabi/11.3.1/thumb/v7e-m+fp/hard\libgcc.a

.comment        0x0000000000000000       0x43
 .comment       0x0000000000000000       0x43 C:/ST/STM32CubeIDE_1.14.1/STM32CubeIDE/plugins/com.st.stm32cube.ide.mcu.externaltools.gnu-tools-for-stm32.11.3.rel1.win32_1.1.100.202309141235/tools/bin/../lib/gcc/arm-none-eabi/11.3.1/thumb/v7e-m+fp/hard/crtbegin.o
                                         0x44 (size before relaxing)
 .comment       0x0000000000000043       0x44 ./Core/Src/WS2812_SPI.o
 .comment       0x0000000000000043       0x44 ./Core/Src/fonts.o
 .comment       0x0000000000000043       0x44 ./Core/Src/main.o
 .comment       0x0000000000000043       0x44 ./Core/Src/ssd1306.o
 .comment       0x0000000000000043       0x44 ./Core/Src/stm32f4xx_hal_msp.o
 .comment       0x0000000000000043       0x44 ./Core/Src/stm32f4xx_it.o
 .comment       0x0000000000000043       0x44 ./Core/Src/system_stm32f4xx.o
 .comment       0x0000000000000043       0x44 ./Drivers/STM32F4xx_HAL_Driver/Src/stm32f4xx_hal.o
 .comment       0x0000000000000043       0x44 ./Drivers/STM32F4xx_HAL_Driver/Src/stm32f4xx_hal_cortex.o
 .comment       0x0000000000000043       0x44 ./Drivers/STM32F4xx_HAL_Driver/Src/stm32f4xx_hal_gpio.o
 .comment       0x0000000000000043       0x44 ./Drivers/STM32F4xx_HAL_Driver/Src/stm32f4xx_hal_i2c.o
 .comment       0x0000000000000043       0x44 ./Drivers/STM32F4xx_HAL_Driver/Src/stm32f4xx_hal_rcc.o
 .comment       0x0000000000000043       0x44 ./Drivers/STM32F4xx_HAL_Driver/Src/stm32f4xx_hal_rcc_ex.o
 .comment       0x0000000000000043       0x44 ./Drivers/STM32F4xx_HAL_Driver/Src/stm32f4xx_hal_spi.o

.debug_info     0x0000000000000000     0xacdb
 .debug_info    0x0000000000000000      0x9cd ./Core/Src/WS2812_SPI.o
 .debug_info    0x00000000000009cd      0x255 ./Core/Src/fonts.o
 .debug_info    0x0000000000000c22     0x127a ./Core/Src/main.o
 .debug_info    0x0000000000001e9c     0x1081 ./Core/Src/ssd1306.o
 .debug_info    0x0000000000002f1d      0xc8e ./Core/Src/stm32f4xx_hal_msp.o
 .debug_info    0x0000000000003bab      0x14a ./Core/Src/stm32f4xx_it.o
 .debug_info    0x0000000000003cf5      0x54a ./Core/Src/system_stm32f4xx.o
 .debug_info    0x000000000000423f       0x23 ./Core/Startup/startup_stm32f446retx.o
 .debug_info    0x0000000000004262      0x99a ./Drivers/STM32F4xx_HAL_Driver/Src/stm32f4xx_hal.o
 .debug_info    0x0000000000004bfc      0xd75 ./Drivers/STM32F4xx_HAL_Driver/Src/stm32f4xx_hal_cortex.o
 .debug_info    0x0000000000005971      0x70b ./Drivers/STM32F4xx_HAL_Driver/Src/stm32f4xx_hal_gpio.o
 .debug_info    0x000000000000607c     0x2421 ./Drivers/STM32F4xx_HAL_Driver/Src/stm32f4xx_hal_i2c.o
 .debug_info    0x000000000000849d      0x8ed ./Drivers/STM32F4xx_HAL_Driver/Src/stm32f4xx_hal_rcc.o
 .debug_info    0x0000000000008d8a      0x956 ./Drivers/STM32F4xx_HAL_Driver/Src/stm32f4xx_hal_rcc_ex.o
 .debug_info    0x00000000000096e0     0x15fb ./Drivers/STM32F4xx_HAL_Driver/Src/stm32f4xx_hal_spi.o

.debug_abbrev   0x0000000000000000     0x1e3a
 .debug_abbrev  0x0000000000000000      0x252 ./Core/Src/WS2812_SPI.o
 .debug_abbrev  0x0000000000000252      0x11c ./Core/Src/fonts.o
 .debug_abbrev  0x000000000000036e      0x336 ./Core/Src/main.o
 .debug_abbrev  0x00000000000006a4      0x30d ./Core/Src/ssd1306.o
 .debug_abbrev  0x00000000000009b1      0x1bc ./Core/Src/stm32f4xx_hal_msp.o
 .debug_abbrev  0x0000000000000b6d       0xa0 ./Core/Src/stm32f4xx_it.o
 .debug_abbrev  0x0000000000000c0d      0x11a ./Core/Src/system_stm32f4xx.o
 .debug_abbrev  0x0000000000000d27       0x12 ./Core/Startup/startup_stm32f446retx.o
 .debug_abbrev  0x0000000000000d39      0x214 ./Drivers/STM32F4xx_HAL_Driver/Src/stm32f4xx_hal.o
 .debug_abbrev  0x0000000000000f4d      0x328 ./Drivers/STM32F4xx_HAL_Driver/Src/stm32f4xx_hal_cortex.o
 .debug_abbrev  0x0000000000001275      0x1d4 ./Drivers/STM32F4xx_HAL_Driver/Src/stm32f4xx_hal_gpio.o
 .debug_abbrev  0x0000000000001449      0x2ad ./Drivers/STM32F4xx_HAL_Driver/Src/stm32f4xx_hal_i2c.o
 .debug_abbrev  0x00000000000016f6      0x2b6 ./Drivers/STM32F4xx_HAL_Driver/Src/stm32f4xx_hal_rcc.o
 .debug_abbrev  0x00000000000019ac      0x20a ./Drivers/STM32F4xx_HAL_Driver/Src/stm32f4xx_hal_rcc_ex.o
 .debug_abbrev  0x0000000000001bb6      0x284 ./Drivers/STM32F4xx_HAL_Driver/Src/stm32f4xx_hal_spi.o

.debug_aranges  0x0000000000000000      0xaa0
 .debug_aranges
                0x0000000000000000       0x58 ./Core/Src/WS2812_SPI.o
 .debug_aranges
                0x0000000000000058       0x20 ./Core/Src/fonts.o
 .debug_aranges
                0x0000000000000078       0x58 ./Core/Src/main.o
 .debug_aranges
                0x00000000000000d0       0xf8 ./Core/Src/ssd1306.o
 .debug_aranges
                0x00000000000001c8       0x40 ./Core/Src/stm32f4xx_hal_msp.o
 .debug_aranges
                0x0000000000000208       0x68 ./Core/Src/stm32f4xx_it.o
 .debug_aranges
                0x0000000000000270       0x28 ./Core/Src/system_stm32f4xx.o
 .debug_aranges
                0x0000000000000298       0x28 ./Core/Startup/startup_stm32f446retx.o
 .debug_aranges
                0x00000000000002c0       0xf0 ./Drivers/STM32F4xx_HAL_Driver/Src/stm32f4xx_hal.o
 .debug_aranges
                0x00000000000003b0      0x120 ./Drivers/STM32F4xx_HAL_Driver/Src/stm32f4xx_hal_cortex.o
 .debug_aranges
                0x00000000000004d0       0x58 ./Drivers/STM32F4xx_HAL_Driver/Src/stm32f4xx_hal_gpio.o
 .debug_aranges
                0x0000000000000528      0x2a8 ./Drivers/STM32F4xx_HAL_Driver/Src/stm32f4xx_hal_i2c.o
 .debug_aranges
                0x00000000000007d0       0x88 ./Drivers/STM32F4xx_HAL_Driver/Src/stm32f4xx_hal_rcc.o
 .debug_aranges
                0x0000000000000858       0x78 ./Drivers/STM32F4xx_HAL_Driver/Src/stm32f4xx_hal_rcc_ex.o
 .debug_aranges
                0x00000000000008d0      0x1d0 ./Drivers/STM32F4xx_HAL_Driver/Src/stm32f4xx_hal_spi.o

.debug_rnglists
                0x0000000000000000      0x831
 .debug_rnglists
                0x0000000000000000       0x42 ./Core/Src/WS2812_SPI.o
 .debug_rnglists
                0x0000000000000042       0x13 ./Core/Src/fonts.o
 .debug_rnglists
                0x0000000000000055       0x40 ./Core/Src/main.o
 .debug_rnglists
                0x0000000000000095       0xc2 ./Core/Src/ssd1306.o
 .debug_rnglists
                0x0000000000000157       0x2d ./Core/Src/stm32f4xx_hal_msp.o
 .debug_rnglists
                0x0000000000000184       0x49 ./Core/Src/stm32f4xx_it.o
 .debug_rnglists
                0x00000000000001cd       0x1a ./Core/Src/system_stm32f4xx.o
 .debug_rnglists
                0x00000000000001e7       0x19 ./Core/Startup/startup_stm32f446retx.o
 .debug_rnglists
                0x0000000000000200       0xaf ./Drivers/STM32F4xx_HAL_Driver/Src/stm32f4xx_hal.o
 .debug_rnglists
                0x00000000000002af       0xd4 ./Drivers/STM32F4xx_HAL_Driver/Src/stm32f4xx_hal_cortex.o
 .debug_rnglists
                0x0000000000000383       0x3f ./Drivers/STM32F4xx_HAL_Driver/Src/stm32f4xx_hal_gpio.o
 .debug_rnglists
                0x00000000000003c2      0x23c ./Drivers/STM32F4xx_HAL_Driver/Src/stm32f4xx_hal_i2c.o
 .debug_rnglists
                0x00000000000005fe       0x66 ./Drivers/STM32F4xx_HAL_Driver/Src/stm32f4xx_hal_rcc.o
 .debug_rnglists
                0x0000000000000664       0x5e ./Drivers/STM32F4xx_HAL_Driver/Src/stm32f4xx_hal_rcc_ex.o
 .debug_rnglists
                0x00000000000006c2      0x16f ./Drivers/STM32F4xx_HAL_Driver/Src/stm32f4xx_hal_spi.o

.debug_macro    0x0000000000000000    0x218a1
 .debug_macro   0x0000000000000000      0x2a0 ./Core/Src/WS2812_SPI.o
 .debug_macro   0x00000000000002a0      0xaa8 ./Core/Src/WS2812_SPI.o
 .debug_macro   0x0000000000000d48      0x29b ./Core/Src/WS2812_SPI.o
 .debug_macro   0x0000000000000fe3       0x2e ./Core/Src/WS2812_SPI.o
 .debug_macro   0x0000000000001011       0x28 ./Core/Src/WS2812_SPI.o
 .debug_macro   0x0000000000001039       0x22 ./Core/Src/WS2812_SPI.o
 .debug_macro   0x000000000000105b       0x8e ./Core/Src/WS2812_SPI.o
 .debug_macro   0x00000000000010e9       0x51 ./Core/Src/WS2812_SPI.o
 .debug_macro   0x000000000000113a      0x103 ./Core/Src/WS2812_SPI.o
 .debug_macro   0x000000000000123d       0x6a ./Core/Src/WS2812_SPI.o
 .debug_macro   0x00000000000012a7      0x1df ./Core/Src/WS2812_SPI.o
 .debug_macro   0x0000000000001486       0x1c ./Core/Src/WS2812_SPI.o
 .debug_macro   0x00000000000014a2       0x22 ./Core/Src/WS2812_SPI.o
 .debug_macro   0x00000000000014c4       0xfb ./Core/Src/WS2812_SPI.o
 .debug_macro   0x00000000000015bf     0x1011 ./Core/Src/WS2812_SPI.o
 .debug_macro   0x00000000000025d0      0x11f ./Core/Src/WS2812_SPI.o
 .debug_macro   0x00000000000026ef    0x16749 ./Core/Src/WS2812_SPI.o
 .debug_macro   0x0000000000018e38       0x6d ./Core/Src/WS2812_SPI.o
 .debug_macro   0x0000000000018ea5     0x368c ./Core/Src/WS2812_SPI.o
 .debug_macro   0x000000000001c531      0x174 ./Core/Src/WS2812_SPI.o
 .debug_macro   0x000000000001c6a5       0x5c ./Core/Src/WS2812_SPI.o
 .debug_macro   0x000000000001c701      0xca5 ./Core/Src/WS2812_SPI.o
 .debug_macro   0x000000000001d3a6      0x9e9 ./Core/Src/WS2812_SPI.o
 .debug_macro   0x000000000001dd8f      0x115 ./Core/Src/WS2812_SPI.o
 .debug_macro   0x000000000001dea4      0x1a0 ./Core/Src/WS2812_SPI.o
 .debug_macro   0x000000000001e044       0xa5 ./Core/Src/WS2812_SPI.o
 .debug_macro   0x000000000001e0e9      0x16d ./Core/Src/WS2812_SPI.o
 .debug_macro   0x000000000001e256      0x287 ./Core/Src/WS2812_SPI.o
 .debug_macro   0x000000000001e4dd       0x5f ./Core/Src/WS2812_SPI.o
 .debug_macro   0x000000000001e53c      0x236 ./Core/Src/WS2812_SPI.o
 .debug_macro   0x000000000001e772      0x132 ./Core/Src/WS2812_SPI.o
 .debug_macro   0x000000000001e8a4      0x29c ./Core/Src/WS2812_SPI.o
 .debug_macro   0x000000000001eb40       0x2e ./Core/Src/WS2812_SPI.o
 .debug_macro   0x000000000001eb6e      0x1b5 ./Core/Src/WS2812_SPI.o
 .debug_macro   0x000000000001ed23       0x22 ./Core/Src/WS2812_SPI.o
 .debug_macro   0x000000000001ed45       0xd6 ./Core/Src/WS2812_SPI.o
 .debug_macro   0x000000000001ee1b      0x127 ./Core/Src/WS2812_SPI.o
 .debug_macro   0x000000000001ef42       0xe8 ./Core/Src/WS2812_SPI.o
 .debug_macro   0x000000000001f02a       0x89 ./Core/Src/WS2812_SPI.o
 .debug_macro   0x000000000001f0b3      0x225 ./Core/Src/WS2812_SPI.o
 .debug_macro   0x000000000001f2d8      0x126 ./Core/Src/WS2812_SPI.o
 .debug_macro   0x000000000001f3fe       0x16 ./Core/Src/WS2812_SPI.o
 .debug_macro   0x000000000001f414      0x2ab ./Core/Src/fonts.o
 .debug_macro   0x000000000001f6bf       0x61 ./Core/Src/fonts.o
 .debug_macro   0x000000000001f720       0x2a ./Core/Src/fonts.o
 .debug_macro   0x000000000001f74a       0x43 ./Core/Src/fonts.o
 .debug_macro   0x000000000001f78d       0x34 ./Core/Src/fonts.o
 .debug_macro   0x000000000001f7c1       0x16 ./Core/Src/fonts.o
 .debug_macro   0x000000000001f7d7       0x43 ./Core/Src/fonts.o
 .debug_macro   0x000000000001f81a       0x34 ./Core/Src/fonts.o
 .debug_macro   0x000000000001f84e       0x10 ./Core/Src/fonts.o
 .debug_macro   0x000000000001f85e       0x58 ./Core/Src/fonts.o
 .debug_macro   0x000000000001f8b6       0x8e ./Core/Src/fonts.o
 .debug_macro   0x000000000001f944       0x1c ./Core/Src/fonts.o
 .debug_macro   0x000000000001f960      0x177 ./Core/Src/fonts.o
 .debug_macro   0x000000000001fad7      0x369 ./Core/Src/fonts.o
 .debug_macro   0x000000000001fe40       0x10 ./Core/Src/fonts.o
 .debug_macro   0x000000000001fe50       0x35 ./Core/Src/fonts.o
 .debug_macro   0x000000000001fe85       0x20 ./Core/Src/fonts.o
 .debug_macro   0x000000000001fea5      0x307 ./Core/Src/main.o
 .debug_macro   0x00000000000201ac       0x16 ./Core/Src/main.o
 .debug_macro   0x00000000000201c2       0x16 ./Core/Src/main.o
 .debug_macro   0x00000000000201d8       0x29 ./Core/Src/main.o
 .debug_macro   0x0000000000020201       0x1d ./Core/Src/main.o
 .debug_macro   0x000000000002021e      0x336 ./Core/Src/ssd1306.o
 .debug_macro   0x0000000000020554      0x1e2 ./Core/Src/stm32f4xx_hal_msp.o
 .debug_macro   0x0000000000020736      0x1ec ./Core/Src/stm32f4xx_it.o
 .debug_macro   0x0000000000020922      0x1d3 ./Core/Src/system_stm32f4xx.o
 .debug_macro   0x0000000000020af5      0x233 ./Drivers/STM32F4xx_HAL_Driver/Src/stm32f4xx_hal.o
 .debug_macro   0x0000000000020d28      0x1d3 ./Drivers/STM32F4xx_HAL_Driver/Src/stm32f4xx_hal_cortex.o
 .debug_macro   0x0000000000020efb      0x1d9 ./Drivers/STM32F4xx_HAL_Driver/Src/stm32f4xx_hal_gpio.o
 .debug_macro   0x00000000000210d4      0x221 ./Drivers/STM32F4xx_HAL_Driver/Src/stm32f4xx_hal_i2c.o
 .debug_macro   0x00000000000212f5      0x1f7 ./Drivers/STM32F4xx_HAL_Driver/Src/stm32f4xx_hal_rcc.o
 .debug_macro   0x00000000000214ec      0x1d3 ./Drivers/STM32F4xx_HAL_Driver/Src/stm32f4xx_hal_rcc_ex.o
 .debug_macro   0x00000000000216bf      0x1e2 ./Drivers/STM32F4xx_HAL_Driver/Src/stm32f4xx_hal_spi.o

.debug_line     0x0000000000000000     0xe4bb
 .debug_line    0x0000000000000000      0xbfb ./Core/Src/WS2812_SPI.o
 .debug_line    0x0000000000000bfb      0x8b7 ./Core/Src/fonts.o
 .debug_line    0x00000000000014b2      0xaae ./Core/Src/main.o
 .debug_line    0x0000000000001f60     0x1070 ./Core/Src/ssd1306.o
 .debug_line    0x0000000000002fd0      0x7fc ./Core/Src/stm32f4xx_hal_msp.o
 .debug_line    0x00000000000037cc      0x828 ./Core/Src/stm32f4xx_it.o
 .debug_line    0x0000000000003ff4      0x7cf ./Core/Src/system_stm32f4xx.o
 .debug_line    0x00000000000047c3       0x7a ./Core/Startup/startup_stm32f446retx.o
 .debug_line    0x000000000000483d      0xa35 ./Drivers/STM32F4xx_HAL_Driver/Src/stm32f4xx_hal.o
 .debug_line    0x0000000000005272      0xd01 ./Drivers/STM32F4xx_HAL_Driver/Src/stm32f4xx_hal_cortex.o
 .debug_line    0x0000000000005f73      0xb95 ./Drivers/STM32F4xx_HAL_Driver/Src/stm32f4xx_hal_gpio.o
 .debug_line    0x0000000000006b08     0x3a97 ./Drivers/STM32F4xx_HAL_Driver/Src/stm32f4xx_hal_i2c.o
 .debug_line    0x000000000000a59f      0xdba ./Drivers/STM32F4xx_HAL_Driver/Src/stm32f4xx_hal_rcc.o
 .debug_line    0x000000000000b359     0x1456 ./Drivers/STM32F4xx_HAL_Driver/Src/stm32f4xx_hal_rcc_ex.o
 .debug_line    0x000000000000c7af     0x1d0c ./Drivers/STM32F4xx_HAL_Driver/Src/stm32f4xx_hal_spi.o

.debug_str      0x0000000000000000    0xc9da5
 .debug_str     0x0000000000000000    0xc374b ./Core/Src/WS2812_SPI.o
                                      0xc3a4f (size before relaxing)
 .debug_str     0x00000000000c374b     0x3204 ./Core/Src/fonts.o
                                      0xc6692 (size before relaxing)
 .debug_str     0x00000000000c694f      0xcd0 ./Core/Src/main.o
                                      0xc7847 (size before relaxing)
 .debug_str     0x00000000000c761f      0x4c9 ./Core/Src/ssd1306.o
                                      0xc71d9 (size before relaxing)
 .debug_str     0x00000000000c7ae8       0xa7 ./Core/Src/stm32f4xx_hal_msp.o
                                      0xc3dbd (size before relaxing)
 .debug_str     0x00000000000c7b8f       0xf5 ./Core/Src/stm32f4xx_it.o
                                      0xc35a9 (size before relaxing)
 .debug_str     0x00000000000c7c84       0xdb ./Core/Src/system_stm32f4xx.o
                                      0xc366a (size before relaxing)
 .debug_str     0x00000000000c7d5f       0x34 ./Core/Startup/startup_stm32f446retx.o
                                         0x59 (size before relaxing)
 .debug_str     0x00000000000c7d93      0x5e6 ./Drivers/STM32F4xx_HAL_Driver/Src/stm32f4xx_hal.o
                                      0xc422f (size before relaxing)
 .debug_str     0x00000000000c8379      0x34e ./Drivers/STM32F4xx_HAL_Driver/Src/stm32f4xx_hal_cortex.o
                                      0xc3f54 (size before relaxing)
 .debug_str     0x00000000000c86c7      0x124 ./Drivers/STM32F4xx_HAL_Driver/Src/stm32f4xx_hal_gpio.o
                                      0xc37e5 (size before relaxing)
 .debug_str     0x00000000000c87eb      0xb34 ./Drivers/STM32F4xx_HAL_Driver/Src/stm32f4xx_hal_i2c.o
                                      0xc4668 (size before relaxing)
 .debug_str     0x00000000000c931f      0x213 ./Drivers/STM32F4xx_HAL_Driver/Src/stm32f4xx_hal_rcc.o
                                      0xc3aa3 (size before relaxing)
 .debug_str     0x00000000000c9532      0x324 ./Drivers/STM32F4xx_HAL_Driver/Src/stm32f4xx_hal_rcc_ex.o
                                      0xc3ad6 (size before relaxing)
 .debug_str     0x00000000000c9856      0x54f ./Drivers/STM32F4xx_HAL_Driver/Src/stm32f4xx_hal_spi.o
                                      0xc3f09 (size before relaxing)

.debug_frame    0x0000000000000000     0x2cc0
 .debug_frame   0x0000000000000000      0x138 ./Core/Src/WS2812_SPI.o
 .debug_frame   0x0000000000000138       0x38 ./Core/Src/fonts.o
 .debug_frame   0x0000000000000170      0x110 ./Core/Src/main.o
 .debug_frame   0x0000000000000280      0x414 ./Core/Src/ssd1306.o
 .debug_frame   0x0000000000000694       0xc4 ./Core/Src/stm32f4xx_hal_msp.o
 .debug_frame   0x0000000000000758      0x120 ./Core/Src/stm32f4xx_it.o
 .debug_frame   0x0000000000000878       0x58 ./Core/Src/system_stm32f4xx.o
 .debug_frame   0x00000000000008d0      0x374 ./Drivers/STM32F4xx_HAL_Driver/Src/stm32f4xx_hal.o
 .debug_frame   0x0000000000000c44      0x4b8 ./Drivers/STM32F4xx_HAL_Driver/Src/stm32f4xx_hal_cortex.o
 .debug_frame   0x00000000000010fc      0x14c ./Drivers/STM32F4xx_HAL_Driver/Src/stm32f4xx_hal_gpio.o
 .debug_frame   0x0000000000001248      0xc84 ./Drivers/STM32F4xx_HAL_Driver/Src/stm32f4xx_hal_i2c.o
 .debug_frame   0x0000000000001ecc      0x1f4 ./Drivers/STM32F4xx_HAL_Driver/Src/stm32f4xx_hal_rcc.o
 .debug_frame   0x00000000000020c0      0x1e8 ./Drivers/STM32F4xx_HAL_Driver/Src/stm32f4xx_hal_rcc_ex.o
 .debug_frame   0x00000000000022a8      0x828 ./Drivers/STM32F4xx_HAL_Driver/Src/stm32f4xx_hal_spi.o
 .debug_frame   0x0000000000002ad0       0x20 C:/ST/STM32CubeIDE_1.14.1/STM32CubeIDE/plugins/com.st.stm32cube.ide.mcu.externaltools.gnu-tools-for-stm32.11.3.rel1.win32_1.1.100.202309141235/tools/bin/../lib/gcc/arm-none-eabi/11.3.1/../../../../arm-none-eabi/lib/thumb/v7e-m+fp/hard\libc_nano.a(libc_a-memset.o)
 .debug_frame   0x0000000000002af0       0x2c C:/ST/STM32CubeIDE_1.14.1/STM32CubeIDE/plugins/com.st.stm32cube.ide.mcu.externaltools.gnu-tools-for-stm32.11.3.rel1.win32_1.1.100.202309141235/tools/bin/../lib/gcc/arm-none-eabi/11.3.1/../../../../arm-none-eabi/lib/thumb/v7e-m+fp/hard\libc_nano.a(libc_a-init.o)
 .debug_frame   0x0000000000002b1c       0xac C:/ST/STM32CubeIDE_1.14.1/STM32CubeIDE/plugins/com.st.stm32cube.ide.mcu.externaltools.gnu-tools-for-stm32.11.3.rel1.win32_1.1.100.202309141235/tools/bin/../lib/gcc/arm-none-eabi/11.3.1/thumb/v7e-m+fp/hard\libgcc.a(_arm_addsubdf3.o)
 .debug_frame   0x0000000000002bc8       0x50 C:/ST/STM32CubeIDE_1.14.1/STM32CubeIDE/plugins/com.st.stm32cube.ide.mcu.externaltools.gnu-tools-for-stm32.11.3.rel1.win32_1.1.100.202309141235/tools/bin/../lib/gcc/arm-none-eabi/11.3.1/thumb/v7e-m+fp/hard\libgcc.a(_arm_muldivdf3.o)
 .debug_frame   0x0000000000002c18       0x24 C:/ST/STM32CubeIDE_1.14.1/STM32CubeIDE/plugins/com.st.stm32cube.ide.mcu.externaltools.gnu-tools-for-stm32.11.3.rel1.win32_1.1.100.202309141235/tools/bin/../lib/gcc/arm-none-eabi/11.3.1/thumb/v7e-m+fp/hard\libgcc.a(_arm_fixdfsi.o)
 .debug_frame   0x0000000000002c3c       0x24 C:/ST/STM32CubeIDE_1.14.1/STM32CubeIDE/plugins/com.st.stm32cube.ide.mcu.externaltools.gnu-tools-for-stm32.11.3.rel1.win32_1.1.100.202309141235/tools/bin/../lib/gcc/arm-none-eabi/11.3.1/thumb/v7e-m+fp/hard\libgcc.a(_arm_truncdfsf2.o)
 .debug_frame   0x0000000000002c60       0x2c C:/ST/STM32CubeIDE_1.14.1/STM32CubeIDE/plugins/com.st.stm32cube.ide.mcu.externaltools.gnu-tools-for-stm32.11.3.rel1.win32_1.1.100.202309141235/tools/bin/../lib/gcc/arm-none-eabi/11.3.1/thumb/v7e-m+fp/hard\libgcc.a(_aeabi_uldivmod.o)
 .debug_frame   0x0000000000002c8c       0x34 C:/ST/STM32CubeIDE_1.14.1/STM32CubeIDE/plugins/com.st.stm32cube.ide.mcu.externaltools.gnu-tools-for-stm32.11.3.rel1.win32_1.1.100.202309141235/tools/bin/../lib/gcc/arm-none-eabi/11.3.1/thumb/v7e-m+fp/hard\libgcc.a(_udivmoddi4.o)

.debug_line_str
                0x0000000000000000       0x4d
 .debug_line_str
                0x0000000000000000       0x4d ./Core/Startup/startup_stm32f446retx.o
                                         0x65 (size before relaxing)
